// Jest Snapshot v1, https://goo.gl/fbAQLP

exports[`CabecalhoComponent deveria renderizar o conte√∫do baseado nas propriedades alt e src 1`] = `
CabecalhoComponent {
  "__ngContext__": 4,
  "alt": "Logo do Sistema",
  "src": "assets/logo.png",
}
`;
